
Report Summary

┌─────────────────────────┬────────────────────────┬───────────────────┐
│         Target          │          Type          │ Misconfigurations │
├─────────────────────────┼────────────────────────┼───────────────────┤
│ .                       │ terraformplan-snapshot │         0         │
├─────────────────────────┼────────────────────────┼───────────────────┤
│ bootstrap               │       terraform        │         0         │
├─────────────────────────┼────────────────────────┼───────────────────┤
│ bootstrap/s3.tf         │       terraform        │         9         │
├─────────────────────────┼────────────────────────┼───────────────────┤
│ docker/build.dockerfile │       dockerfile       │         2         │
├─────────────────────────┼────────────────────────┼───────────────────┤
│ s3.tf                   │ terraformplan-snapshot │         9         │
└─────────────────────────┴────────────────────────┴───────────────────┘
Legend:
- '-': Not scanned
- '0': Clean (no security findings detected)


bootstrap/s3.tf (terraform)
===========================
Tests: 9 (SUCCESSES: 0, FAILURES: 9)
Failures: 9 (UNKNOWN: 0, LOW: 2, MEDIUM: 1, HIGH: 6, CRITICAL: 0)

AVD-AWS-0086 (HIGH): No public access block so not blocking public acls
══════════════════════════════════════════════════════════════════════════════════════════════════════════════════════════════════════════════════════
S3 buckets should block public ACLs on buckets and any objects they contain. By blocking, PUTs with fail if the object has any public ACL a.


See https://avd.aquasec.com/misconfig/avd-aws-0086
──────────────────────────────────────────────────────────────────────────────────────────────────────────────────────────────────────────────────────
 bootstrap/s3.tf:9-11
──────────────────────────────────────────────────────────────────────────────────────────────────────────────────────────────────────────────────────
   9 ┌ resource "aws_s3_bucket" "terraform" {
  10 │   bucket = "${var.terraform_bucket}-${random_id.random.hex}"
  11 └ }
──────────────────────────────────────────────────────────────────────────────────────────────────────────────────────────────────────────────────────


AVD-AWS-0087 (HIGH): No public access block so not blocking public policies
══════════════════════════════════════════════════════════════════════════════════════════════════════════════════════════════════════════════════════
S3 bucket policy should have block public policy to prevent users from putting a policy that enable public access.


See https://avd.aquasec.com/misconfig/avd-aws-0087
──────────────────────────────────────────────────────────────────────────────────────────────────────────────────────────────────────────────────────
 bootstrap/s3.tf:9-11
──────────────────────────────────────────────────────────────────────────────────────────────────────────────────────────────────────────────────────
   9 ┌ resource "aws_s3_bucket" "terraform" {
  10 │   bucket = "${var.terraform_bucket}-${random_id.random.hex}"
  11 └ }
──────────────────────────────────────────────────────────────────────────────────────────────────────────────────────────────────────────────────────


AVD-AWS-0088 (HIGH): Bucket does not have encryption enabled
══════════════════════════════════════════════════════════════════════════════════════════════════════════════════════════════════════════════════════
S3 Buckets should be encrypted to protect the data that is stored within them if access is compromised.


See https://avd.aquasec.com/misconfig/avd-aws-0088
──────────────────────────────────────────────────────────────────────────────────────────────────────────────────────────────────────────────────────
 bootstrap/s3.tf:9-11
──────────────────────────────────────────────────────────────────────────────────────────────────────────────────────────────────────────────────────
   9 ┌ resource "aws_s3_bucket" "terraform" {
  10 │   bucket = "${var.terraform_bucket}-${random_id.random.hex}"
  11 └ }
──────────────────────────────────────────────────────────────────────────────────────────────────────────────────────────────────────────────────────


AVD-AWS-0089 (LOW): Bucket has logging disabled
══════════════════════════════════════════════════════════════════════════════════════════════════════════════════════════════════════════════════════
Ensures S3 bucket logging is enabled for S3 buckets

See https://avd.aquasec.com/misconfig/s3-bucket-logging
──────────────────────────────────────────────────────────────────────────────────────────────────────────────────────────────────────────────────────
 bootstrap/s3.tf:9-11
──────────────────────────────────────────────────────────────────────────────────────────────────────────────────────────────────────────────────────
   9 ┌ resource "aws_s3_bucket" "terraform" {
  10 │   bucket = "${var.terraform_bucket}-${random_id.random.hex}"
  11 └ }
──────────────────────────────────────────────────────────────────────────────────────────────────────────────────────────────────────────────────────


AVD-AWS-0090 (MEDIUM): Bucket does not have versioning enabled
══════════════════════════════════════════════════════════════════════════════════════════════════════════════════════════════════════════════════════
Versioning in Amazon S3 is a means of keeping multiple variants of an object in the same bucket.

You can use the S3 Versioning feature to preserve, retrieve, and restore every version of every object stored in your buckets.

With versioning you can recover more easily from both unintended user actions and application failures.

When you enable versioning, also keep in mind the potential costs of storing noncurrent versions of objects. To help manage those costs, consider setting up an S3 Lifecycle configuration.


See https://avd.aquasec.com/misconfig/avd-aws-0090
──────────────────────────────────────────────────────────────────────────────────────────────────────────────────────────────────────────────────────
 bootstrap/s3.tf:9-11
──────────────────────────────────────────────────────────────────────────────────────────────────────────────────────────────────────────────────────
   9 ┌ resource "aws_s3_bucket" "terraform" {
  10 │   bucket = "${var.terraform_bucket}-${random_id.random.hex}"
  11 └ }
──────────────────────────────────────────────────────────────────────────────────────────────────────────────────────────────────────────────────────


AVD-AWS-0091 (HIGH): No public access block so not blocking public acls
══════════════════════════════════════════════════════════════════════════════════════════════════════════════════════════════════════════════════════
S3 buckets should ignore public ACLs on buckets and any objects they contain. By ignoring rather than blocking, PUT calls with public ACLs will still be applied but the ACL will be ignored.


See https://avd.aquasec.com/misconfig/avd-aws-0091
──────────────────────────────────────────────────────────────────────────────────────────────────────────────────────────────────────────────────────
 bootstrap/s3.tf:9-11
──────────────────────────────────────────────────────────────────────────────────────────────────────────────────────────────────────────────────────
   9 ┌ resource "aws_s3_bucket" "terraform" {
  10 │   bucket = "${var.terraform_bucket}-${random_id.random.hex}"
  11 └ }
──────────────────────────────────────────────────────────────────────────────────────────────────────────────────────────────────────────────────────


AVD-AWS-0093 (HIGH): No public access block so not restricting public buckets
══════════════════════════════════════════════════════════════════════════════════════════════════════════════════════════════════════════════════════
S3 buckets should restrict public policies for the bucket. By enabling, the restrict_public_buckets, only the bucket owner and AWS Services can access if it has a public policy.


See https://avd.aquasec.com/misconfig/avd-aws-0093
──────────────────────────────────────────────────────────────────────────────────────────────────────────────────────────────────────────────────────
 bootstrap/s3.tf:9-11
──────────────────────────────────────────────────────────────────────────────────────────────────────────────────────────────────────────────────────
   9 ┌ resource "aws_s3_bucket" "terraform" {
  10 │   bucket = "${var.terraform_bucket}-${random_id.random.hex}"
  11 └ }
──────────────────────────────────────────────────────────────────────────────────────────────────────────────────────────────────────────────────────


AVD-AWS-0094 (LOW): Bucket does not have a corresponding public access block.
══════════════════════════════════════════════════════════════════════════════════════════════════════════════════════════════════════════════════════
The "block public access" settings in S3 override individual policies that apply to a given bucket, meaning that all public access can be controlled in one central types for that bucket. It is therefore good practice to define these settings for each bucket in order to clearly define the public access that can be allowed for it.


See https://avd.aquasec.com/misconfig/avd-aws-0094
──────────────────────────────────────────────────────────────────────────────────────────────────────────────────────────────────────────────────────
 bootstrap/s3.tf:9-11
──────────────────────────────────────────────────────────────────────────────────────────────────────────────────────────────────────────────────────
   9 ┌ resource "aws_s3_bucket" "terraform" {
  10 │   bucket = "${var.terraform_bucket}-${random_id.random.hex}"
  11 └ }
──────────────────────────────────────────────────────────────────────────────────────────────────────────────────────────────────────────────────────


AVD-AWS-0132 (HIGH): Bucket does not encrypt data with a customer managed key.
══════════════════════════════════════════════════════════════════════════════════════════════════════════════════════════════════════════════════════
Encryption using AWS keys provides protection for your S3 buckets. To increase control of the encryption and manage factors like rotation use customer managed keys.


See https://avd.aquasec.com/misconfig/avd-aws-0132
──────────────────────────────────────────────────────────────────────────────────────────────────────────────────────────────────────────────────────
 bootstrap/s3.tf:9-11
──────────────────────────────────────────────────────────────────────────────────────────────────────────────────────────────────────────────────────
   9 ┌ resource "aws_s3_bucket" "terraform" {
  10 │   bucket = "${var.terraform_bucket}-${random_id.random.hex}"
  11 └ }
──────────────────────────────────────────────────────────────────────────────────────────────────────────────────────────────────────────────────────



docker/build.dockerfile (dockerfile)
====================================
Tests: 27 (SUCCESSES: 25, FAILURES: 2)
Failures: 2 (UNKNOWN: 0, LOW: 1, MEDIUM: 0, HIGH: 1, CRITICAL: 0)

AVD-DS-0002 (HIGH): Specify at least 1 USER command in Dockerfile with non-root user as argument
══════════════════════════════════════════════════════════════════════════════════════════════════════════════════════════════════════════════════════
Running containers with 'root' user can lead to a container escape situation. It is a best practice to run containers as non-root users, which can be done by adding a 'USER' statement to the Dockerfile.

See https://avd.aquasec.com/misconfig/ds002
──────────────────────────────────────────────────────────────────────────────────────────────────────────────────────────────────────────────────────


AVD-DS-0026 (LOW): Add HEALTHCHECK instruction in your Dockerfile
══════════════════════════════════════════════════════════════════════════════════════════════════════════════════════════════════════════════════════
You should add HEALTHCHECK instruction in your docker container images to perform the health check on running containers.

See https://avd.aquasec.com/misconfig/ds026
──────────────────────────────────────────────────────────────────────────────────────────────────────────────────────────────────────────────────────



s3.tf (terraformplan-snapshot)
==============================
Tests: 9 (SUCCESSES: 0, FAILURES: 9)
Failures: 9 (UNKNOWN: 0, LOW: 2, MEDIUM: 1, HIGH: 6, CRITICAL: 0)

AVD-AWS-0086 (HIGH): No public access block so not blocking public acls
══════════════════════════════════════════════════════════════════════════════════════════════════════════════════════════════════════════════════════
S3 buckets should block public ACLs on buckets and any objects they contain. By blocking, PUTs with fail if the object has any public ACL a.


See https://avd.aquasec.com/misconfig/avd-aws-0086
──────────────────────────────────────────────────────────────────────────────────────────────────────────────────────────────────────────────────────
 s3.tf:9-11
──────────────────────────────────────────────────────────────────────────────────────────────────────────────────────────────────────────────────────
   9 ┌ resource "aws_s3_bucket" "terraform" {
  10 │   bucket = "${var.terraform_bucket}-${random_id.random.hex}"
  11 └ }
──────────────────────────────────────────────────────────────────────────────────────────────────────────────────────────────────────────────────────


AVD-AWS-0087 (HIGH): No public access block so not blocking public policies
══════════════════════════════════════════════════════════════════════════════════════════════════════════════════════════════════════════════════════
S3 bucket policy should have block public policy to prevent users from putting a policy that enable public access.


See https://avd.aquasec.com/misconfig/avd-aws-0087
──────────────────────────────────────────────────────────────────────────────────────────────────────────────────────────────────────────────────────
 s3.tf:9-11
──────────────────────────────────────────────────────────────────────────────────────────────────────────────────────────────────────────────────────
   9 ┌ resource "aws_s3_bucket" "terraform" {
  10 │   bucket = "${var.terraform_bucket}-${random_id.random.hex}"
  11 └ }
──────────────────────────────────────────────────────────────────────────────────────────────────────────────────────────────────────────────────────


AVD-AWS-0088 (HIGH): Bucket does not have encryption enabled
══════════════════════════════════════════════════════════════════════════════════════════════════════════════════════════════════════════════════════
S3 Buckets should be encrypted to protect the data that is stored within them if access is compromised.


See https://avd.aquasec.com/misconfig/avd-aws-0088
──────────────────────────────────────────────────────────────────────────────────────────────────────────────────────────────────────────────────────
 s3.tf:9-11
──────────────────────────────────────────────────────────────────────────────────────────────────────────────────────────────────────────────────────
   9 ┌ resource "aws_s3_bucket" "terraform" {
  10 │   bucket = "${var.terraform_bucket}-${random_id.random.hex}"
  11 └ }
──────────────────────────────────────────────────────────────────────────────────────────────────────────────────────────────────────────────────────


AVD-AWS-0089 (LOW): Bucket has logging disabled
══════════════════════════════════════════════════════════════════════════════════════════════════════════════════════════════════════════════════════
Ensures S3 bucket logging is enabled for S3 buckets

See https://avd.aquasec.com/misconfig/s3-bucket-logging
──────────────────────────────────────────────────────────────────────────────────────────────────────────────────────────────────────────────────────
 s3.tf:9-11
──────────────────────────────────────────────────────────────────────────────────────────────────────────────────────────────────────────────────────
   9 ┌ resource "aws_s3_bucket" "terraform" {
  10 │   bucket = "${var.terraform_bucket}-${random_id.random.hex}"
  11 └ }
──────────────────────────────────────────────────────────────────────────────────────────────────────────────────────────────────────────────────────


AVD-AWS-0090 (MEDIUM): Bucket does not have versioning enabled
══════════════════════════════════════════════════════════════════════════════════════════════════════════════════════════════════════════════════════
Versioning in Amazon S3 is a means of keeping multiple variants of an object in the same bucket.

You can use the S3 Versioning feature to preserve, retrieve, and restore every version of every object stored in your buckets.

With versioning you can recover more easily from both unintended user actions and application failures.

When you enable versioning, also keep in mind the potential costs of storing noncurrent versions of objects. To help manage those costs, consider setting up an S3 Lifecycle configuration.


See https://avd.aquasec.com/misconfig/avd-aws-0090
──────────────────────────────────────────────────────────────────────────────────────────────────────────────────────────────────────────────────────
 s3.tf:9-11
──────────────────────────────────────────────────────────────────────────────────────────────────────────────────────────────────────────────────────
   9 ┌ resource "aws_s3_bucket" "terraform" {
  10 │   bucket = "${var.terraform_bucket}-${random_id.random.hex}"
  11 └ }
──────────────────────────────────────────────────────────────────────────────────────────────────────────────────────────────────────────────────────


AVD-AWS-0091 (HIGH): No public access block so not blocking public acls
══════════════════════════════════════════════════════════════════════════════════════════════════════════════════════════════════════════════════════
S3 buckets should ignore public ACLs on buckets and any objects they contain. By ignoring rather than blocking, PUT calls with public ACLs will still be applied but the ACL will be ignored.


See https://avd.aquasec.com/misconfig/avd-aws-0091
──────────────────────────────────────────────────────────────────────────────────────────────────────────────────────────────────────────────────────
 s3.tf:9-11
──────────────────────────────────────────────────────────────────────────────────────────────────────────────────────────────────────────────────────
   9 ┌ resource "aws_s3_bucket" "terraform" {
  10 │   bucket = "${var.terraform_bucket}-${random_id.random.hex}"
  11 └ }
──────────────────────────────────────────────────────────────────────────────────────────────────────────────────────────────────────────────────────


AVD-AWS-0093 (HIGH): No public access block so not restricting public buckets
══════════════════════════════════════════════════════════════════════════════════════════════════════════════════════════════════════════════════════
S3 buckets should restrict public policies for the bucket. By enabling, the restrict_public_buckets, only the bucket owner and AWS Services can access if it has a public policy.


See https://avd.aquasec.com/misconfig/avd-aws-0093
──────────────────────────────────────────────────────────────────────────────────────────────────────────────────────────────────────────────────────
 s3.tf:9-11
──────────────────────────────────────────────────────────────────────────────────────────────────────────────────────────────────────────────────────
   9 ┌ resource "aws_s3_bucket" "terraform" {
  10 │   bucket = "${var.terraform_bucket}-${random_id.random.hex}"
  11 └ }
──────────────────────────────────────────────────────────────────────────────────────────────────────────────────────────────────────────────────────


AVD-AWS-0094 (LOW): Bucket does not have a corresponding public access block.
══════════════════════════════════════════════════════════════════════════════════════════════════════════════════════════════════════════════════════
The "block public access" settings in S3 override individual policies that apply to a given bucket, meaning that all public access can be controlled in one central types for that bucket. It is therefore good practice to define these settings for each bucket in order to clearly define the public access that can be allowed for it.


See https://avd.aquasec.com/misconfig/avd-aws-0094
──────────────────────────────────────────────────────────────────────────────────────────────────────────────────────────────────────────────────────
 s3.tf:9-11
──────────────────────────────────────────────────────────────────────────────────────────────────────────────────────────────────────────────────────
   9 ┌ resource "aws_s3_bucket" "terraform" {
  10 │   bucket = "${var.terraform_bucket}-${random_id.random.hex}"
  11 └ }
──────────────────────────────────────────────────────────────────────────────────────────────────────────────────────────────────────────────────────


AVD-AWS-0132 (HIGH): Bucket does not encrypt data with a customer managed key.
══════════════════════════════════════════════════════════════════════════════════════════════════════════════════════════════════════════════════════
Encryption using AWS keys provides protection for your S3 buckets. To increase control of the encryption and manage factors like rotation use customer managed keys.


See https://avd.aquasec.com/misconfig/avd-aws-0132
──────────────────────────────────────────────────────────────────────────────────────────────────────────────────────────────────────────────────────
 s3.tf:9-11
──────────────────────────────────────────────────────────────────────────────────────────────────────────────────────────────────────────────────────
   9 ┌ resource "aws_s3_bucket" "terraform" {
  10 │   bucket = "${var.terraform_bucket}-${random_id.random.hex}"
  11 └ }
──────────────────────────────────────────────────────────────────────────────────────────────────────────────────────────────────────────────────────


